2026-09-09 15:16:21,926 [INFO] Configuration chargée depuis 'config.ini'.
2026-09-09 15:16:21,926 [INFO] --> POST https://mail.carboniocloud.fr/service/soap
2026-09-09 15:16:21,926 [DEBUG] --> Enveloppe envoyée :
{
  "Header": {
    "context": {
      "_jsns": "urn:zimbra"
    }
  },
  "Body": {
    "AuthRequest": {
      "_jsns": "urn:zimbraAccount",
      "csrfTokenSecured": true,
      "persistAuthTokenCookie": true,
      "generateDeviceId": true,
      "account": {
        "by": "name",
        "_content": "julien.nicolas@carboniocloud.fr"
      },
      "password": "***REDACTED***"
    }
  },
  "_jsns": "urn:zimbraSoap"
}
2026-09-09 15:16:21,929 [DEBUG] Starting new HTTPS connection (1): mail.carboniocloud.fr:443
2026-09-09 15:16:22,300 [DEBUG] https://mail.carboniocloud.fr:443 "POST /service/soap HTTP/1.1" 200 None
2026-09-09 15:16:22,301 [INFO] <-- HTTP 200
2026-09-09 15:16:22,301 [DEBUG] <-- Corps de la réponse :
{
  "Header": {
    "context": {
      "_jsns": "urn:zimbra"
    }
  },
  "Body": {
    "AuthResponse": {
      "authToken": [
        {
          "_content": "0_bcf97ba3d1624d8e647f28a474ff0e3c3b1c0cbe_69643d33363a63646533373636372d316661312d346637332d626239392d6433363666373130613233353b6578703d31333a313738393133323538313937363b76763d313a343b747970653d363a7a696d6272613b753d313a613b7469643d31303a313637313734393039313b76657273696f6e3d383a636172626f6e696f3b637372663d313a313b"
        }
      ],
      "lifetime": 172799679,
      "_jsns": "urn:zimbraAccount"
    }
  },
  "_jsns": "urn:zimbraSoap"
}
2026-09-09 15:16:22,301 [INFO] Authentification réussie. Durée de vie du token : 172799679 ms
2026-09-09 15:16:22,301 [INFO] --> POST https://mail.carboniocloud.fr/service/soap
2026-09-09 15:16:22,301 [DEBUG] --> Enveloppe envoyée :
{
  "Header": {
    "context": {
      "_jsns": "urn:zimbra",
      "authToken": "0_bcf97ba3d1624d8e647f28a474ff0e3c3b1c0cbe_69643d33363a63646533373636372d316661312d346637332d626239392d6433363666373130613233353b6578703d31333a313738393133323538313937363b76763d313a343b747970653d363a7a696d6272613b753d313a613b7469643d31303a313637313734393039313b76657273696f6e3d383a636172626f6e696f3b637372663d313a313b"
    }
  },
  "Body": {
    "GetFolderRequest": {
      "_jsns": "urn:zimbraMail",
      "folder": {
        "id": "1"
      }
    }
  },
  "_jsns": "urn:zimbraSoap"
}
2026-09-09 15:16:22,302 [DEBUG] Starting new HTTPS connection (1): mail.carboniocloud.fr:443
2026-09-09 15:16:22,343 [DEBUG] https://mail.carboniocloud.fr:443 "POST /service/soap HTTP/1.1" 200 2416
2026-09-09 15:16:22,343 [INFO] <-- HTTP 200
2026-09-09 15:16:22,343 [DEBUG] <-- Corps de la réponse :
{
  "Header": {
    "context": {
      "_jsns": "urn:zimbra"
    }
  },
  "Body": {
    "GetFolderResponse": {
      "folder": [
        {
          "id": "1",
          "uuid": "82018b5c-76a5-485a-b080-b4eede4cd125",
          "deletable": false,
          "name": "USER_ROOT",
          "absFolderPath": "/",
          "l": "11",
          "luuid": "46b921fc-4faa-4f18-bee4-f8efaf2ed4d0",
          "rev": 1,
          "ms": 1,
          "webOfflineSyncDays": 0,
          "activesyncdisabled": false,
          "n": 0,
          "s": 0,
          "i4ms": 1,
          "i4next": 2,
          "folder": [
            {
              "id": "20",
              "uuid": "c979d5d4-389f-45cb-b8a9-bc6ec71a6045",
              "deletable": false,
              "name": "Archive",
              "absFolderPath": "/Archive",
              "l": "1",
              "luuid": "82018b5c-76a5-485a-b080-b4eede4cd125",
              "view": "message",
              "rev": 5200,
              "ms": 5200,
              "webOfflineSyncDays": 0,
              "activesyncdisabled": false,
              "n": 0,
              "s": 0,
              "i4ms": 5200,
              "i4next": 21
            },
            {
              "id": "419",
              "uuid": "32b73417-83ca-4d58-9fe3-e240c9d544b5",
              "deletable": true,
              "name": "Archives",
              "absFolderPath": "/Archives",
              "l": "1",
              "luuid": "82018b5c-76a5-485a-b080-b4eede4cd125",
              "f": "*",
              "view": "message",
              "rev": 1749,
              "ms": 1750,
              "webOfflineSyncDays": 0,
              "activesyncdisabled": false,
              "n": 0,
              "s": 0,
              "i4ms": 1749,
              "i4next": 420,
              "folder": [
                {
                  "id": "420",
                  "uuid": "51854329-46db-403f-8909-3b21a00f284e",
                  "deletable": true,
                  "name": "2023",
                  "absFolderPath": "/Archives/2023",
                  "l": "419",
                  "luuid": "32b73417-83ca-4d58-9fe3-e240c9d544b5",
                  "f": "*",
                  "view": "message",
                  "rev": 1751,
                  "ms": 1752,
                  "webOfflineSyncDays": 0,
                  "activesyncdisabled": false,
                  "n": 1,
                  "s": 5748,
                  "i4ms": 1753,
                  "i4next": 422
                }
              ]
            },
            {
              "id": "10",
              "uuid": "bc2e4704-0325-4b83-80c9-f67fc5c4bb1f",
              "deletable": false,
              "name": "Calendar",
              "absFolderPath": "/Calendar",
              "l": "1",
              "luuid": "82018b5c-76a5-485a-b080-b4eede4cd125",
              "f": "#i",
              "color": 2,
              "view": "appointment",
              "rev": 1,
              "ms": 4852,
              "webOfflineSyncDays": 0,
              "activesyncdisabled": false,
              "n": 36,
              "s": 0,
              "i4ms": 5641,
              "i4next": 1228,
              "acl": {
                "grant": [
                  {
                    "zid": "7eba74b9-cf86-47c2-89ea-7dc3d4568c3c",
                    "gt": "usr",
                    "perm": "rwidxa",
                    "invalid": true,
                    "d": ""
                  },
                  {
                    "zid": "fc2f1919-e21c-4cae-8fbf-9fbc9858eb84",
                    "gt": "usr",
                    "perm": "rwidxa",
                    "d": "william@carboniocloud.fr"
                  },
                  {
                    "zid": "a44549a0-9b9b-42f7-91c5-b60c27e64b75",
                    "gt": "usr",
                    "perm": "rwidx",
                    "d": "maxime.sautiere@carboniocloud.fr"
                  },
                  {
                    "zid": "40236483-9350-45a2-98e0-54652d07265e",
                    "gt": "usr",
                    "perm": "rwidx",
                    "d": "laurent@carboniocloud.fr"
                  },
                  {
                    "gt": "pub",
                    "perm": "r"
                  }
                ]
              }
            },
            {
              "id": "14",
              "uuid": "cda25fe8-508d-4624-a810-b1186281cb22",
              "deletable": false,
              "name": "Chats",
              "absFolderPath": "/Chats",
              "l": "1",
              "luuid": "82018b5c-76a5-485a-b080-b4eede4cd125",
              "view": "message",
              "rev": 1,
              "ms": 1,
              "webOfflineSyncDays": 0,
              "activesyncdisabled": false,
              "n": 0,
              "s": 0,
              "i4ms": 1,
              "i4next": 15
            },
            {
              "id": "7",
              "uuid": "8d1c8731-9ad5-452b-aa79-f3e3f9c7fa90",
              "deletable": false,
              "name": "Contacts",
              "absFolderPath": "/Contacts",
              "l": "1",
              "luuid": "82018b5c-76a5-485a-b080-b4eede4cd125",
              "view": "contact",
              "rev": 1,
              "ms": 1,
              "webOfflineSyncDays": 0,
              "activesyncdisabled": false,
              "n": 3,
              "s": 0,
              "i4ms": 4394,
              "i4next": 910,
              "folder": [
                {
                  "id": "908",
                  "uuid": "b1bae8e7-7cc0-40b5-982b-b037d3bff65a",
                  "deletable": true,
                  "name": "Carnet Jeudi 18 matin",
                  "absFolderPath": "/Contacts/Carnet Jeudi 18 matin",
                  "l": "7",
                  "luuid": "8d1c8731-9ad5-452b-aa79-f3e3f9c7fa90",
                  "f": "i",
                  "view": "contact",
                  "rev": 4392,
                  "ms": 4449,
                  "webOfflineSyncDays": 0,
                  "activesyncdisabled": false,
                  "n": 1,
                  "s": 0,
                  "i4ms": 4398,
                  "i4next": 911,
                  "acl": {
                    "grant": [
                      {
                        "zid": "43953c49-4227-425b-be1d-c13856b64097",
                        "gt": "usr",
                        "perm": "r",
                        "d": "juste.leblanc@carboniocloud.fr"
                      }
                    ]
                  }
                },
                {
                  "id": "586",
                  "uuid": "0bc768e2-f2da-4e2b-b320-0cc5c538c7a9",
                  "deletable": true,
                  "name": "Contact personnel",
                  "absFolderPath": "/Contacts/Contact personnel",
                  "l": "7",
                  "luuid": "8d1c8731-9ad5-452b-aa79-f3e3f9c7fa90",
                  "view": "contact",
                  "rev": 2731,
                  "ms": 2731,
                  "webOfflineSyncDays": 0,
                  "activesyncdisabled": false,
                  "n": 2,
                  "s": 0,
                  "i4ms": 4421,
                  "i4next": 926
                }
              ]
            },
            {
              "id": "6",
              "uuid": "963d2957-3a02-4227-8cc1-5c004fb68ffb",
              "deletable": false,
              "name": "Drafts",
              "absFolderPath": "/Drafts",
              "l": "1",
              "luuid": "82018b5c-76a5-485a-b080-b4eede4cd125",
              "view": "message",
              "rev": 1,
              "ms": 1,
              "webOfflineSyncDays": 30,
              "activesyncdisabled": false,
              "n": 8,
              "s": 1950387,
              "i4ms": 5228,
              "i4next": 1169
            },
            {
              "id": "13",
              "uuid": "9db99e96-e500-46c7-9ad6-084e51855a02",
              "deletable": false,
              "name": "Emailed Contacts",
              "absFolderPath": "/Emailed Contacts",
              "l": "1",
              "luuid": "82018b5c-76a5-485a-b080-b4eede4cd125",
              "view": "contact",
              "rev": 1,
              "ms": 1,
              "webOfflineSyncDays": 0,
              "activesyncdisabled": false,
              "n": 24,
              "s": 0,
              "i4ms": 5012,
              "i4next": 1125
            },
            {
              "id": "2",
              "uuid": "a896427b-00e8-42ce-b28d-cfbd9fd4852c",
              "deletable": false,
              "name": "Inbox",
              "absFolderPath": "/Inbox",
              "l": "1",
              "luuid": "82018b5c-76a5-485a-b080-b4eede4cd125",
              "f": "u",
              "u": 7,
              "view": "message",
              "rev": 1,
              "ms": 1,
              "webOfflineSyncDays": 30,
              "activesyncdisabled": false,
              "n": 69,
              "s": 3588268,
              "i4ms": 5636,
              "i4next": 1229,
              "folder": [
                {
                  "id": "907",
                  "uuid": "94663d7f-9586-49ff-a577-0661fbae924b",
                  "deletable": true,
                  "name": "Dossier email",
                  "absFolderPath": "/Inbox/Dossier email",
                  "l": "2",
                  "luuid": "a896427b-00e8-42ce-b28d-cfbd9fd4852c",
                  "f": "i",
                  "view": "message",
                  "rev": 4391,
                  "ms": 4446,
                  "webOfflineSyncDays": 0,
                  "activesyncdisabled": false,
                  "n": 0,
                  "s": 0,
                  "i4ms": 4391,
                  "i4next": 908,
                  "acl": {
                    "grant": [
                      {
                        "zid": "43953c49-4227-425b-be1d-c13856b64097",
                        "gt": "usr",
                        "perm": "rwidx",
                        "d": "juste.leblanc@carboniocloud.fr"
                      }
                    ]
                  }
                },
                {
                  "id": "320",
                  "uuid": "f411d0f7-4cfd-47fc-be60-07205b9e295c",
                  "deletable": true,
                  "name": "Test 01",
                  "absFolderPath": "/Inbox/Test 01",
                  "l": "2",
                  "luuid": "a896427b-00e8-42ce-b28d-cfbd9fd4852c",
                  "f": "*",
                  "view": "message",
                  "rev": 1105,
                  "ms": 1106,
                  "webOfflineSyncDays": 0,
                  "activesyncdisabled": false,
                  "n": 5,
                  "s": 27768,
                  "i4ms": 1756,
                  "i4next": 415,
                  "folder": [
                    {
                      "id": "877",
                      "uuid": "2342616e-9984-49c2-bb45-089392eeca00",
                      "deletable": true,
                      "name": "Ceci est un sous-dossier",
                      "absFolderPath": "/Inbox/Test 01/Ceci est un sous-dossier",
                      "l": "320",
                      "luuid": "f411d0f7-4cfd-47fc-be60-07205b9e295c",
                      "f": "i",
                      "view": "message",
                      "rev": 4318,
                      "ms": 4345,
                      "webOfflineSyncDays": 0,
                      "activesyncdisabled": false,
                      "n": 7,
                      "s": 32557,
                      "i4ms": 5614,
                      "i4next": 1224,
                      "acl": {
                        "grant": [
                          {
                            "zid": "34bcf34c-01a8-4603-845a-def40d55efed",
                            "gt": "usr",
                            "perm": "rwidx",
                            "d": "sarah.lucca@carboniocloud.fr"
                          }
                        ]
                      }
                    }
                  ]
                }
              ]
            },
            {
              "id": "947",
              "uuid": "7c400337-a429-421c-89de-070de56eeeea",
              "deletable": true,
              "name": "Julien et Ryan",
              "absFolderPath": "/Julien et Ryan",
              "l": "1",
              "luuid": "82018b5c-76a5-485a-b080-b4eede4cd125",
              "view": "calendar_group",
              "rev": 4499,
              "ms": 4499,
              "meta": [
                {
                  "section": "calendarIds",
                  "_attrs": {
                    "cids": "424#10"
                  }
                }
              ],
              "webOfflineSyncDays": 0,
              "activesyncdisabled": false,
              "n": 0,
              "s": 0,
              "i4ms": 4499,
              "i4next": 948
            },
            {
              "id": "4",
              "uuid": "b1e31398-541e-4262-a04f-21ad7edf007d",
              "deletable": false,
              "name": "Junk",
              "absFolderPath": "/Junk",
              "l": "1",
              "luuid": "82018b5c-76a5-485a-b080-b4eede4cd125",
              "view": "message",
              "rev": 1,
              "ms": 1,
              "webOfflineSyncDays": 0,
              "activesyncdisabled": false,
              "n": 0,
              "s": 0,
              "i4ms": 1215,
              "i4next": 345
            },
            {
              "id": "5",
              "uuid": "398e2fda-c21d-46de-a35a-f518c4323867",
              "deletable": false,
              "name": "Sent",
              "absFolderPath": "/Sent",
              "l": "1",
              "luuid": "82018b5c-76a5-485a-b080-b4eede4cd125",
              "f": "*",
              "view": "message",
              "rev": 1,
              "ms": 1114,
              "webOfflineSyncDays": 30,
              "activesyncdisabled": false,
              "n": 45,
              "s": 2924731,
              "i4ms": 5230,
              "i4next": 1171
            },
            {
              "id": "15",
              "uuid": "b98cb4c0-9622-4033-a1e3-a1eb1e423979",
              "deletable": false,
              "name": "Tasks",
              "absFolderPath": "/Tasks",
              "l": "1",
              "luuid": "82018b5c-76a5-485a-b080-b4eede4cd125",
              "f": "#",
              "rev": 1,
              "ms": 1,
              "webOfflineSyncDays": 0,
              "activesyncdisabled": false,
              "n": 0,
              "s": 0,
              "i4ms": 1,
              "i4next": 16
            },
            {
              "id": "3",
              "uuid": "ff010f79-137c-4722-9b18-e280e4271917",
              "deletable": false,
              "name": "Trash",
              "absFolderPath": "/Trash",
              "l": "1",
              "luuid": "82018b5c-76a5-485a-b080-b4eede4cd125",
              "rev": 1,
              "ms": 4457,
              "webOfflineSyncDays": 30,
              "activesyncdisabled": false,
              "n": 1,
              "s": 31155,
              "i4ms": 5633,
              "i4next": 1228
            }
          ],
          "link": [
            {
              "id": "293",
              "uuid": "4aba3b78-cf1f-47f9-9ec3-57fa8b58f3ee",
              "deletable": true,
              "name": "Calendar de Guillaume Sigoigne",
              "absFolderPath": "/Calendar de Guillaume Sigoigne",
              "l": "1",
              "luuid": "82018b5c-76a5-485a-b080-b4eede4cd125",
              "color": 1,
              "view": "appointment",
              "rev": 399,
              "ms": 4494,
              "webOfflineSyncDays": 0,
              "activesyncdisabled": false,
              "zid": "7eba74b9-cf86-47c2-89ea-7dc3d4568c3c",
              "rid": 10,
              "ruuid": "289a4a1c-1307-41af-9ae3-292b134f332b",
              "reminder": false
            },
            {
              "id": "405",
              "uuid": "4bd68482-8a37-4467-87bb-80b266e64f6b",
              "deletable": true,
              "name": "Calendar de Salle 101",
              "absFolderPath": "/Calendar de Salle 101",
              "l": "1",
              "luuid": "82018b5c-76a5-485a-b080-b4eede4cd125",
              "color": 3,
              "view": "appointment",
              "rev": 1671,
              "ms": 4493,
              "webOfflineSyncDays": 0,
              "activesyncdisabled": false,
              "zid": "b6202b92-59ab-4340-ad08-68eeae3d95ee",
              "rid": 10,
              "ruuid": "a7fdbbcb-1385-4d0d-a9f5-b1a2af81ad15",
              "owner": "salle101@try.carboniocloud.fr",
              "reminder": false
            },
            {
              "id": "424",
              "uuid": "e0565612-3cbe-4779-9517-7e3b9298d406",
              "deletable": true,
              "name": "Calendrier de ryan",
              "absFolderPath": "/Calendrier de ryan",
              "l": "1",
              "luuid": "82018b5c-76a5-485a-b080-b4eede4cd125",
              "f": "b#",
              "color": 4,
              "view": "appointment",
              "rev": 1768,
              "ms": 4512,
              "webOfflineSyncDays": 0,
              "activesyncdisabled": false,
              "zid": "4c1e8ee5-44fe-485b-a433-76f280ef31c9",
              "rid": 10,
              "ruuid": "023e20ab-2717-4c1c-8a69-bca81ee186fe",
              "reminder": false
            },
            {
              "id": "1160",
              "uuid": "d3795dc0-fef5-41c0-b64b-bd7031f77a07",
              "deletable": true,
              "name": "Racine de juste.leblanc@carboniocloud.fr",
              "absFolderPath": "/Racine de juste.leblanc@carboniocloud.fr",
              "l": "1",
              "luuid": "82018b5c-76a5-485a-b080-b4eede4cd125",
              "rev": 5206,
              "ms": 5206,
              "webOfflineSyncDays": 0,
              "activesyncdisabled": false,
              "zid": "43953c49-4227-425b-be1d-c13856b64097",
              "rid": 1,
              "ruuid": "7b4d00cd-8c05-4ce3-ade7-cf213c99a9d7",
              "owner": "juste.leblanc@carboniocloud.fr",
              "reminder": false
            },
            {
              "id": "742",
              "uuid": "e4e7a597-8c24-4468-98f7-01d5b133f603",
              "deletable": true,
              "name": "test-partage de ryan",
              "absFolderPath": "/test-partage de ryan",
              "l": "1",
              "luuid": "82018b5c-76a5-485a-b080-b4eede4cd125",
              "view": "contact",
              "rev": 3747,
              "ms": 3747,
              "webOfflineSyncDays": 0,
              "activesyncdisabled": false,
              "zid": "4c1e8ee5-44fe-485b-a433-76f280ef31c9",
              "rid": 29829,
              "ruuid": "9d75a1b9-78f3-4859-895a-797bd63f6c8f",
              "reminder": false
            }
          ]
        }
      ],
      "_jsns": "urn:zimbraMail"
    }
  },
  "_jsns": "urn:zimbraSoap"
}
2026-09-09 15:16:48,386 [INFO] Configuration chargée depuis 'config.ini'.
2026-09-09 15:16:48,387 [INFO] --> POST https://mail.carboniocloud.fr/service/soap
2026-09-09 15:16:48,387 [DEBUG] --> Enveloppe envoyée :
{
  "Header": {
    "context": {
      "_jsns": "urn:zimbra"
    }
  },
  "Body": {
    "AuthRequest": {
      "_jsns": "urn:zimbraAccount",
      "csrfTokenSecured": true,
      "persistAuthTokenCookie": true,
      "generateDeviceId": true,
      "account": {
        "by": "name",
        "_content": "julien.nicolas@carboniocloud.fr"
      },
      "password": "***REDACTED***"
    }
  },
  "_jsns": "urn:zimbraSoap"
}
2026-09-09 15:16:48,387 [DEBUG] Starting new HTTPS connection (1): mail.carboniocloud.fr:443
2026-09-09 15:16:49,051 [DEBUG] https://mail.carboniocloud.fr:443 "POST /service/soap HTTP/1.1" 200 None
2026-09-09 15:16:49,052 [INFO] <-- HTTP 200
2026-09-09 15:16:49,052 [DEBUG] <-- Corps de la réponse :
{
  "Header": {
    "context": {
      "_jsns": "urn:zimbra"
    }
  },
  "Body": {
    "AuthResponse": {
      "authToken": [
        {
          "_content": "0_70f284d122ac7004d8010966dddadb71bf12e56e_69643d33363a63646533373636372d316661312d346637332d626239392d6433363666373130613233353b6578703d31333a313738393133323630383433373b76763d313a343b747970653d363a7a696d6272613b753d313a613b7469643d393a3439383338353831303b76657273696f6e3d383a636172626f6e696f3b637372663d313a313b"
        }
      ],
      "lifetime": 172799390,
      "_jsns": "urn:zimbraAccount"
    }
  },
  "_jsns": "urn:zimbraSoap"
}
2026-09-09 15:16:49,052 [INFO] Authentification réussie. Durée de vie du token : 172799390 ms
2026-09-09 15:16:49,052 [INFO] --> POST https://mail.carboniocloud.fr/service/soap
2026-09-09 15:16:49,052 [DEBUG] --> Enveloppe envoyée :
{
  "Header": {
    "context": {
      "_jsns": "urn:zimbra",
      "authToken": "0_70f284d122ac7004d8010966dddadb71bf12e56e_69643d33363a63646533373636372d316661312d346637332d626239392d6433363666373130613233353b6578703d31333a313738393133323630383433373b76763d313a343b747970653d363a7a696d6272613b753d313a613b7469643d393a3439383338353831303b76657273696f6e3d383a636172626f6e696f3b637372663d313a313b"
    }
  },
  "Body": {
    "GetMsgRequest": {
      "_jsns": "urn:zimbraMail",
      "m": {
        "id": "1228"
      }
    }
  },
  "_jsns": "urn:zimbraSoap"
}
2026-09-09 15:16:49,053 [DEBUG] Starting new HTTPS connection (1): mail.carboniocloud.fr:443
2026-09-09 15:16:49,107 [DEBUG] https://mail.carboniocloud.fr:443 "POST /service/soap HTTP/1.1" 200 1101
2026-09-09 15:16:49,108 [INFO] <-- HTTP 200
2026-09-09 15:16:49,108 [DEBUG] <-- Corps de la réponse :
{
  "Header": {
    "context": {
      "_jsns": "urn:zimbra"
    }
  },
  "Body": {
    "GetMsgResponse": {
      "m": [
        {
          "s": 20738,
          "d": 1788522603000,
          "l": "2",
          "cid": "-1228",
          "f": "u",
          "tn": "$label1",
          "t": "1153",
          "rev": 5635,
          "id": "1228",
          "fr": "Ceci est une copie d'une alerte de sécurité envoyée à maxime@gworkspace.zextras.fr. julien.nicolas@carboniocloud.fr est l'adresse e-mail de ...",
          "e": [
            {
              "a": "no-reply@accounts.google.com",
              "d": "Google",
              "p": "Google",
              "t": "f"
            },
            {
              "a": "julien.nicolas@carboniocloud.fr",
              "d": "julien",
              "p": "julien nicolas",
              "t": "t"
            }
          ],
          "su": "Alerte de sécurité pour maxime@gworkspace.zextras.fr",
          "mid": "<o1-1Iu3xO4LlKM4E09rYmA@notifications.google.com>",
          "sd": 1788522595000,
          "mp": [
            {
              "part": "TEXT",
              "ct": "multipart/alternative",
              "mp": [
                {
                  "part": "1",
                  "ct": "text/plain",
                  "s": 1252,
                  "requiresSmartLinkConversion": false,
                  "body": true,
                  "content": "Ceci est une copie d'une alerte de sécurité envoyée à\r\nmaxime@gworkspace.zextras.fr. julien.nicolas@carboniocloud.fr est l'adresse\r\ne-mail de récupération de ce compte. Si vous ne reconnaissez pas ce compte,\r\nsupprimez-la\r\n<https://accounts.google.com/AccountDisavow?adt=AOX8kiqEL5TBwi528wSNdZY831ls9Ng0el-jzVoOkPcuRbnNjrq4BdqJotdOu1jNAdkzyg_JFQNCHSsY&rfn=325>\r\n.\r\n[image: Google]\r\nNouvelle connexion depuis un Linux\r\n\r\n\r\nmaxime@gworkspace.zextras.fr\r\nNous avons détecté une nouvelle connexion à votre compte Google depuis un\r\nLinux. Si c'était vous, aucune action de votre part n'est requise. Dans le\r\ncas contraire, nous vous aiderons à sécuriser votre compte.\r\nConsulter l'activité\r\n<https://accounts.google.com/AccountChooser?Email=maxime@gworkspace.zextras.fr&continue=https://myaccount.google.com/alert/nt/1788522595747?rfn%3D325%26rfnc%3D1%26eid%3D-9171216100874727591%26et%3D1>\r\nVous pouvez aussi voir l'activité liée à la sécurité de votre compte ici :\r\nhttps://myaccount.google.com/notifications\r\nCet e-mail vous a été envoyé pour vous informer de modifications\r\nimportantes apportées à votre compte et aux services Google que vous\r\nutilisez.\r\n© 2026 Google Ireland Ltd., Gordon House, Barrow Street, Dublin 4, Ireland\r\n"
                },
                {
                  "part": "2",
                  "ct": "text/html",
                  "s": 6964,
                  "requiresSmartLinkConversion": false
                }
              ]
            }
          ]
        }
      ],
      "_jsns": "urn:zimbraMail"
    }
  },
  "_jsns": "urn:zimbraSoap"
}
2026-09-09 15:18:35,518 [INFO] Configuration chargée depuis 'config.ini'.
2026-09-09 15:18:35,518 [INFO] --> POST https://mail.carboniocloud.fr/service/soap
2026-09-09 15:18:35,518 [DEBUG] --> Enveloppe envoyée :
{
  "Header": {
    "context": {
      "_jsns": "urn:zimbra"
    }
  },
  "Body": {
    "AuthRequest": {
      "_jsns": "urn:zimbraAccount",
      "csrfTokenSecured": true,
      "persistAuthTokenCookie": true,
      "generateDeviceId": true,
      "account": {
        "by": "name",
        "_content": "julien.nicolas@carboniocloud.fr"
      },
      "password": "***REDACTED***"
    }
  },
  "_jsns": "urn:zimbraSoap"
}
2026-09-09 15:18:35,518 [DEBUG] Starting new HTTPS connection (1): mail.carboniocloud.fr:443
2026-09-09 15:18:36,070 [DEBUG] https://mail.carboniocloud.fr:443 "POST /service/soap HTTP/1.1" 200 None
2026-09-09 15:18:36,071 [INFO] <-- HTTP 200
2026-09-09 15:18:36,071 [DEBUG] <-- Corps de la réponse :
{
  "Header": {
    "context": {
      "_jsns": "urn:zimbra"
    }
  },
  "Body": {
    "AuthResponse": {
      "authToken": [
        {
          "_content": "0_a8e87518e6123ec6db1799a7beee97230d8c6657_69643d33363a63646533373636372d316661312d346637332d626239392d6433363666373130613233353b6578703d31333a313738393133323731353536373b76763d313a343b747970653d363a7a696d6272613b753d313a613b7469643d393a3232303833333938363b76657273696f6e3d383a636172626f6e696f3b637372663d313a313b"
        }
      ],
      "lifetime": 172799500,
      "_jsns": "urn:zimbraAccount"
    }
  },
  "_jsns": "urn:zimbraSoap"
}
2026-09-09 15:18:36,071 [INFO] Authentification réussie. Durée de vie du token : 172799500 ms
2026-09-09 15:18:36,071 [INFO] --> POST https://mail.carboniocloud.fr/service/soap
2026-09-09 15:18:36,071 [DEBUG] --> Enveloppe envoyée :
{
  "Header": {
    "context": {
      "_jsns": "urn:zimbra",
      "authToken": "0_a8e87518e6123ec6db1799a7beee97230d8c6657_69643d33363a63646533373636372d316661312d346637332d626239392d6433363666373130613233353b6578703d31333a313738393133323731353536373b76763d313a343b747970653d363a7a696d6272613b753d313a613b7469643d393a3232303833333938363b76657273696f6e3d383a636172626f6e696f3b637372663d313a313b"
    }
  },
  "Body": {
    "GetMsgRequest": {
      "_jsns": "urn:zimbraMail",
      "m": {
        "id": "1143"
      }
    }
  },
  "_jsns": "urn:zimbraSoap"
}
2026-09-09 15:18:36,072 [DEBUG] Starting new HTTPS connection (1): mail.carboniocloud.fr:443
2026-09-09 15:18:36,127 [DEBUG] https://mail.carboniocloud.fr:443 "POST /service/soap HTTP/1.1" 200 None
2026-09-09 15:18:36,127 [INFO] <-- HTTP 200
2026-09-09 15:18:36,127 [DEBUG] <-- Corps de la réponse :
{
  "Header": {
    "context": {
      "_jsns": "urn:zimbra"
    }
  },
  "Body": {
    "GetMsgResponse": {
      "m": [
        {
          "s": 2790,
          "d": 1772787723000,
          "l": "2",
          "cid": "1144",
          "rev": 5064,
          "id": "1143",
          "fr": "Salut, Ce message est un test. Il faudrait voir si c'est une régression ou pas. Voilà comment c'est fait en version 25.09... Julien NICOLAS Service & ...",
          "e": [
            {
              "a": "julien.nicolas@carboniocloud.fr",
              "d": "Julien",
              "p": "Julien NICOLAS",
              "t": "f"
            },
            {
              "a": "julien.nicolas@carboniocloud.fr",
              "d": "Julien",
              "p": "Julien",
              "t": "t"
            }
          ],
          "su": "Test",
          "mid": "<1955949393.121944047.1772787723084.JavaMail.zextras@carboniocloud.fr>",
          "sd": 1772787723000,
          "mp": [
            {
              "part": "1",
              "ct": "text/plain",
              "s": 213,
              "requiresSmartLinkConversion": false,
              "body": true,
              "content": "Salut,\r\n\r\nCe message est un test. Il faudrait voir si c'est une régression ou pas.\r\n\r\nVoilà comment c'est fait en version 25.09...\r\n\r\n\r\n\r\nJulien NICOLAS\r\nService & Delivery Manager\r\nZextras Services\r\n"
            }
          ]
        }
      ],
      "_jsns": "urn:zimbraMail"
    }
  },
  "_jsns": "urn:zimbraSoap"
}
2026-09-09 15:21:26,218 [INFO] Configuration chargée depuis 'config.ini'.
2026-09-09 15:21:26,219 [INFO] --> POST https://mail.carboniocloud.fr/service/soap
2026-09-09 15:21:26,219 [DEBUG] --> Enveloppe envoyée :
{
  "Header": {
    "context": {
      "_jsns": "urn:zimbra"
    }
  },
  "Body": {
    "AuthRequest": {
      "_jsns": "urn:zimbraAccount",
      "csrfTokenSecured": true,
      "persistAuthTokenCookie": true,
      "generateDeviceId": true,
      "account": {
        "by": "name",
        "_content": "julien.nicolas@carboniocloud.fr"
      },
      "password": "***REDACTED***"
    }
  },
  "_jsns": "urn:zimbraSoap"
}
2026-09-09 15:21:26,219 [DEBUG] Starting new HTTPS connection (1): mail.carboniocloud.fr:443
2026-09-09 15:21:26,335 [DEBUG] https://mail.carboniocloud.fr:443 "POST /service/soap HTTP/1.1" 200 None
2026-09-09 15:21:26,335 [INFO] <-- HTTP 200
2026-09-09 15:21:26,335 [DEBUG] <-- Corps de la réponse :
{
  "Header": {
    "context": {
      "_jsns": "urn:zimbra"
    }
  },
  "Body": {
    "AuthResponse": {
      "authToken": [
        {
          "_content": "0_7bbeb20f828b778407994f0c28e499c873df5c51_69643d33363a63646533373636372d316661312d346637332d626239392d6433363666373130613233353b6578703d31333a313738393133323838363237383b76763d313a343b747970653d363a7a696d6272613b753d313a613b7469643d383a31333931333537333b76657273696f6e3d383a636172626f6e696f3b637372663d313a313b"
        }
      ],
      "lifetime": 172799947,
      "_jsns": "urn:zimbraAccount"
    }
  },
  "_jsns": "urn:zimbraSoap"
}
2026-09-09 15:21:26,336 [INFO] Authentification réussie. Durée de vie du token : 172799947 ms
2026-09-09 15:21:26,336 [INFO] --> POST https://mail.carboniocloud.fr/service/soap
2026-09-09 15:21:26,336 [DEBUG] --> Enveloppe envoyée :
{
  "Header": {
    "context": {
      "_jsns": "urn:zimbra",
      "authToken": "0_7bbeb20f828b778407994f0c28e499c873df5c51_69643d33363a63646533373636372d316661312d346637332d626239392d6433363666373130613233353b6578703d31333a313738393133323838363237383b76763d313a343b747970653d363a7a696d6272613b753d313a613b7469643d383a31333931333537333b76657273696f6e3d383a636172626f6e696f3b637372663d313a313b"
    }
  },
  "Body": {
    "GetMsgRequest": {
      "_jsns": "urn:zimbraMail",
      "m": {
        "id": "1143",
        "raw": 1
      }
    }
  },
  "_jsns": "urn:zimbraSoap"
}
2026-09-09 15:21:26,336 [DEBUG] Starting new HTTPS connection (1): mail.carboniocloud.fr:443
2026-09-09 15:21:26,468 [DEBUG] https://mail.carboniocloud.fr:443 "POST /service/soap HTTP/1.1" 200 1503
2026-09-09 15:21:26,469 [INFO] <-- HTTP 200
2026-09-09 15:21:26,469 [DEBUG] <-- Corps de la réponse :
{
  "Header": {
    "context": {
      "_jsns": "urn:zimbra"
    }
  },
  "Body": {
    "GetMsgResponse": {
      "m": [
        {
          "s": 2790,
          "d": 1772787723000,
          "l": "2",
          "cid": "1144",
          "rev": 5064,
          "id": "1143",
          "content": {
            "_content": "Return-Path: <julien.nicolas@carboniocloud.fr>\r\nReceived: from mtain01.int.carboniocloud.fr (LHLO\r\n mtain01.int.carboniocloud.fr) (10.74.11.5) by store01.int.carboniocloud.fr\r\n with LMTP; Fri, 6 Mar 2026 10:02:03 +0100 (CET)\r\nReceived: from mtain01.int.carboniocloud.fr (localhost [127.0.0.1])\r\n\t(using TLSv1.3 with cipher TLS_AES_256_GCM_SHA384 (256/256 bits)\r\n\t key-exchange x25519 server-signature RSA-PSS (2048 bits) server-digest SHA256)\r\n\t(No client certificate requested)\r\n\tby mtain01.int.carboniocloud.fr (Postfix) with ESMTPS id 50F04100037\r\n\tfor <julien.nicolas@carboniocloud.fr>; Fri, 06 Mar 2026 10:02:03 +0100 (CET)\r\nReceived: from localhost (localhost [127.0.0.1])\r\n\tby mtain01.int.carboniocloud.fr (Postfix) with ESMTP id 38CB3100153\r\n\tfor <julien.nicolas@carboniocloud.fr>; Fri, 06 Mar 2026 10:02:03 +0100 (CET)\r\nDKIM-Filter: OpenDKIM Filter v2.11.0 mtain01.int.carboniocloud.fr 38CB3100153\r\nDKIM-Signature: v=1; a=rsa-sha256; c=relaxed/relaxed; d=carboniocloud.fr;\r\n\ts=EDBC667E-D1A8-11EF-BA77-116545C0FB7A; t=1772787723;\r\n\tbh=YU/Sr9YEIMycgGoYJQBUZrk/ePwLIBMSpBvLu4taemk=;\r\n\th=Date:From:To:Message-ID:MIME-Version;\r\n\tb=QF1g4pbzPcqRZFcMXgq9WTLtl0B4ZXeBWQ5sgK3DLlXz4z9799YACj/gGyUyPP1TI\r\n\t VHxyweBNN2G34gXMFPOgqT9VgQssg7A5zBaXDU991m47so4fG1v5SXXOTfsomTR1Kq\r\n\t VIEsQQ2Ld6WJxMhAy2d3RJYm946XfJ2ZsXqRKUWC7pGBugfEn0KsSsHviz8QAHT0TQ\r\n\t 5fYPfJ90JLksy9GTHatxaLVxH+VWN1hRpUKS1COQxXALXzZRyQ0mTEgtAjQ1j3r4dp\r\n\t fi0ec0W14RiDF+SQ8pLbI5uGGWgT9zd7gG0fi/FREg0N/WryGjxWtW7fhUhedoIts7\r\n\t jvkLxXhoGaQWQ==\r\nReceived: from mtain01.int.carboniocloud.fr ([127.0.0.1])\r\n by localhost (mtain01.int.carboniocloud.fr [127.0.0.1]) (amavis, port 10026)\r\n with ESMTP id UDwYNiAlFoAx for <julien.nicolas@carboniocloud.fr>;\r\n Fri,  6 Mar 2026 10:02:03 +0100 (CET)\r\nReceived: from store01.int.carboniocloud.fr (store01.int.carboniocloud.fr [10.74.10.20])\r\n\tby mtain01.int.carboniocloud.fr (Postfix) with ESMTP id 27632100037\r\n\tfor <julien.nicolas@carboniocloud.fr>; Fri, 06 Mar 2026 10:02:03 +0100 (CET)\r\nDate: Fri, 6 Mar 2026 10:02:03 +0100 (CET)\r\nFrom: Julien NICOLAS <julien.nicolas@carboniocloud.fr>\r\nTo: Julien <julien.nicolas@carboniocloud.fr>\r\nMessage-ID: <1955949393.121944047.1772787723084.JavaMail.zextras@carboniocloud.fr>\r\nSubject: Test\r\nMIME-Version: 1.0\r\nContent-Type: text/plain; charset=utf-8\r\nContent-Transfer-Encoding: quoted-printable\r\nX-Originating-IP: [89.87.167.57]\r\nX-Mailer: Carbonio 25.9.0_ZEXTRAS_202509 (CarbonioWebClient - Firefox 148.0 (Ubuntu)/25.9.0_ZEXTRAS_202509 carbonio 20250902-1300 FOSS)\r\nThread-Index: HEofkZkaPc8b7gDasN64Bu1QjJxF5g==\r\nThread-Topic: Test\r\n\r\nSalut,\r\n\r\nCe message est un test. Il faudrait voir si c'est une r=C3=A9gression ou pa=\r\ns.\r\n\r\nVoil=C3=A0 comment c'est fait en version 25.09...\r\n\r\n\r\n\r\nJulien NICOLAS\r\nService & Delivery Manager\r\nZextras Services\r\n"
          }
        }
      ],
      "_jsns": "urn:zimbraMail"
    }
  },
  "_jsns": "urn:zimbraSoap"
}
